// Jest Snapshot v1, https://goo.gl/fbAQLP

exports[`<AddToPlaylist /> should render correctly 1`] = `
<section>
  <header>
    <h2>
      Add to Playlist
    </h2>
  </header>
  <form
    onSubmit={[Function]}
  >
    <label
      htmlFor="artist"
    >
      Artist
    </label>
    <input
      id="artist"
      onChange={[Function]}
      required={true}
      type="text"
    />
    <label
      htmlFor="title"
    >
      Title
    </label>
    <input
      id="title"
      onChange={[Function]}
      required={true}
      type="text"
    />
    <label
      htmlFor="videoUrl"
    >
      Video URL
    </label>
    <input
      id="videoUrl"
      onChange={[Function]}
      required={true}
      type="url"
    />
    <footer>
      <button
        onClick={[MockFunction]}
        type="button"
      >
        Cancel
      </button>
      <button
        type="submit"
      >
        Add
      </button>
    </footer>
  </form>
</section>
`;
