// Jest Snapshot v1, https://goo.gl/fbAQLP

exports[`<VideoPlayer /> should render correctly 1`] = `
<main>
  <video
    autoPlay={false}
    controls={true}
    height={500}
    onEnded={[Function]}
    src="http://mazwai.com/system/posts/videos/000/000/208/preview_mp4_2/white-lilies.mp4"
    width={620}
  >
    Sorry your browser doesn't support HTML5 videos!
  </video>
  <ul>
    <li
      onClick={[Function]}
    >
      testVideo0
    </li>
    <li
      onClick={[Function]}
    >
      testVideo1
    </li>
    <li
      onClick={[Function]}
    >
      testVideo2
    </li>
  </ul>
</main>
`;
